// Jest Snapshot v1, https://goo.gl/fbAQLP

exports[`CLI help interface for 'app' should be expected english 1`] = `
"Usage: frodo app [options] [command]

Manage applications.

Options:
  -h, --help  Help

Commands:
  delete      Delete applications.
  export      Export applications.
  help        display help for command
  import      Import applications.
  list        List applications.

Important Note:
  The frodo app command to manage OAuth2 clients in v1.x has been renamed to frodo oauth client in v2.x
  The frodo app command in v2.x manages the new applications created using the new application templates in ForgeRock Identity Cloud. To manage oauth clients, use the frodo oauth client command.


"
`;
