// Jest Snapshot v1, https://goo.gl/fbAQLP

exports[`CLI help interface for 'idm schema relationship' should be expected english 1`] = `
"Usage: frodo idm schema relationship [options] [command]

Manage relationship managed-object schema properties directly via the dedicated
Cloud-only v2 schema API, including bidirectional (two-type) relationships.
Cloud only -- use "idm schema property" for relationship properties on other
deployments.

Deployment: Cloud-only

Options:
  -h, --help        Help
  -hh, --help-more  Help with all options.
  -hhh, --help-all  Help with all options, environment variables, and usage
                    examples.

Commands:
  help              display help for command

  (Cloud-only):
  create            Create a new relationship schema property, via the dedicated
                    Cloud-only v2 schema API. Refuses if the property already
                    exists. Pass --reverse-property to also create the reverse
                    side on --target-object in the same command, spanning both
                    managed-object types.
  delete            Delete a relationship schema property, via the dedicated
                    Cloud-only v2 schema API. Prompts for confirmation, unless
                    -y/--yes is passed.
  describe          Describe a single relationship schema property of a
                    managed-object type, via the dedicated Cloud-only v2 schema
                    API.
  update            Update an existing relationship schema property, via the
                    dedicated Cloud-only v2 schema API. Refuses if the property
                    does not exist. Only the fields whose flags are passed
                    change; everything else keeps its current value. Prints a
                    current/proposed preview and prompts for confirmation,
                    unless -y/--yes is passed.
"
`;
