// Jest Snapshot v1, https://goo.gl/fbAQLP

exports[`frodo config-manager push variables "frodo config-manager push variables -D test/e2e/exports/fr-config-manager/forgeops -m forgeops": should import the variables into cloud" 1`] = `""`;

exports[`frodo config-manager push variables "frodo config-manager push variables -D test/e2e/exports/fr-config-manager/forgeops -m forgeops": should import the variables into cloud" 2`] = `""`;
