// Jest Snapshot v1, https://goo.gl/fbAQLP

exports[`frodo config-manager push secrets "frodo config-manager push secrets -D test/e2e/exports/fr-config-manager/cloud ": should import the secrets into cloud" 1`] = `""`;

exports[`frodo config-manager push secrets "frodo config-manager push secrets -n esv-fr-test-secret -e my-test-value test/e2e/exports/fr-config-manager/cloud": should import the specified secret into cloud 1`] = `""`;
