// Jest Snapshot v1, https://goo.gl/fbAQLP

exports[`frodo secretstore mapping delete "frodo secretstore mapping delete --all --secretstore-id ESV --secretstore-type GoogleSecretManagerSecretStoreProvider": should delete all mappings in ESV secret store 1`] = `""`;

exports[`frodo secretstore mapping delete "frodo secretstore mapping delete --all --secretstore-id ESV --secretstore-type GoogleSecretManagerSecretStoreProvider": should delete all mappings in ESV secret store 2`] = `
"✔ Deleted all mappings from the secret store ESV.
"
`;

exports[`frodo secretstore mapping delete "frodo secretstore mapping delete --global -i default-keystore -s am.uma.resource.labels.mtls.cert --type classic": should delete mapping in the global default-keystore secret store 1`] = `""`;

exports[`frodo secretstore mapping delete "frodo secretstore mapping delete --global -i default-keystore -s am.uma.resource.labels.mtls.cert --type classic": should delete mapping in the global default-keystore secret store 2`] = `
"✔ Deleted am.uma.resource.labels.mtls.cert from secret store default-keystore.
"
`;

exports[`frodo secretstore mapping delete "frodo secretstore mapping delete -agi default-keystore -m classic": should delete all mappings in global default-keystore secret store 1`] = `""`;

exports[`frodo secretstore mapping delete "frodo secretstore mapping delete -agi default-keystore -m classic": should delete all mappings in global default-keystore secret store 2`] = `
"✔ Deleted all mappings from the secret store default-keystore.
"
`;

exports[`frodo secretstore mapping delete "frodo secretstore mapping delete -gi EnvironmentAndSystemPropertySecretStore -t EnvironmentAndSystemPropertySecretStore -s am.services.uma.pct.encryption -m classic": should fail since no mappings can exist for the EnvironmentAndSystemPropertySecretStore 1`] = `
"Errored ➞ GET http://openam-frodo-dev.classic.com:8080/am/json/serverinfo/* _PollyError: [Polly] [adapter:node-http] Recording for the following request is not found and \`recordIfMissing\` is \`false\`.
{
  "url": "http://openam-frodo-dev.classic.com:8080/am/json/serverinfo/*",
  "method": "GET",
  "headers": {
    "accept": "application/json, text/plain, */*",
    "content-type": "application/json",
    "user-agent": "@rockcarver/frodo-lib/4.0.0-36",
    "x-forgerock-transactionid": "frodo-1f878ad7-48c7-4ce2-a9fd-1f596b6d2744",
    "accept-api-version": "resource=1.1",
    "accept-encoding": "gzip, compress, deflate, br",
    "host": "openam-frodo-dev.classic.com:8080"
  },
  "body": "",
  "recordingName": "secretstore/mapping-delete/0_gi_t_s_m/am",
  "id": "ccd7a5defd0fdeaa986a2b54642d911a",
  "order": 0,
  "identifiers": {
    "method": "GET",
    "url": "/am/json/serverinfo/*"
  },
  "config": {
    "mode": "replay",
    "adapters": [
      "node-http"
    ],
    "logLevel": "warn",
    "flushRequestsOnStop": true,
    "recordIfMissing": false,
    "recordFailedRequests": true,
    "expiresIn": null,
    "expiryStrategy": "warn",
    "matchRequestsBy": {
      "method": true,
      "headers": false,
      "body": true,
      "order": false,
      "url": {
        "protocol": false,
        "username": false,
        "password": false,
        "hostname": false,
        "port": false,
        "pathname": true,
        "query": true,
        "hash": true
      }
    }
  }
}
    at assert (/snapshot/dist/app.cjs:143614:11)
    at FrodoNodeHttpAdapter.assert (/snapshot/dist/app.cjs:157395:5)
    at FrodoNodeHttpAdapter.replay (/snapshot/dist/app.cjs:157384:10)
    at async FrodoNodeHttpAdapter.handleRequest (/snapshot/dist/app.cjs:157268:7)
Error getting tokens
  [Polly] [adapter:node-http] Recording for the following request is not found and \`recordIfMissing\` is \`false\`.
{
  "url": "http://openam-frodo-dev.classic.com:8080/am/json/serverinfo/*",
  "method": "GET",
  "headers": {
    "accept": "application/json, text/plain, */*",
    "content-type": "application/json",
    "user-agent": "@rockcarver/frodo-lib/4.0.0-36",
    "x-forgerock-transactionid": "frodo-1f878ad7-48c7-4ce2-a9fd-1f596b6d2744",
    "accept-api-version": "resource=1.1",
    "accept-encoding": "gzip, compress, deflate, br",
    "host": "openam-frodo-dev.classic.com:8080"
  },
  "body": "",
  "recordingName": "secretstore/mapping-delete/0_gi_t_s_m/am",
  "id": "ccd7a5defd0fdeaa986a2b54642d911a",
  "order": 0,
  "identifiers": {
    "method": "GET",
    "url": "/am/json/serverinfo/*"
  },
  "config": {
    "mode": "replay",
    "adapters": [
      "node-http"
    ],
    "logLevel": "warn",
    "flushRequestsOnStop": true,
    "recordIfMissing": false,
    "recordFailedRequests": true,
    "expiresIn": null,
    "expiryStrategy": "warn",
    "matchRequestsBy": {
      "method": true,
      "headers": false,
      "body": true,
      "order": false,
      "url": {
        "protocol": false,
        "username": false,
        "password": false,
        "hostname": false,
        "port": false,
        "pathname": true,
        "query": true,
        "hash": true
      }
    }
  }
}
"
`;

exports[`frodo secretstore mapping delete "frodo secretstore mapping delete -gi EnvironmentAndSystemPropertySecretStore -t EnvironmentAndSystemPropertySecretStore -s am.services.uma.pct.encryption -m classic": should fail since no mappings can exist for the EnvironmentAndSystemPropertySecretStore 2`] = `1`;

exports[`frodo secretstore mapping delete "frodo secretstore mapping delete -i ESV -s am.services.httpclient.mtls.servertrustcerts.testServerCert.secret": should delete mapping in the ESV secret store 1`] = `""`;

exports[`frodo secretstore mapping delete "frodo secretstore mapping delete -i ESV -s am.services.httpclient.mtls.servertrustcerts.testServerCert.secret": should delete mapping in the ESV secret store 2`] = `
"✔ Created the mapping am.services.httpclient.mtls.servertrustcerts.testServerCert.secret in the secret store ESV.
"
`;

exports[`frodo secretstore mapping delete "frodo secretstore mapping delete -i ESV -t GoogleSecretManagerSecretStoreProvider -s unknown.label": should fail since mapping does not exist 1`] = `
"✖ Error: Error deleting the secret store mapping unknown.label from the alpha realm secret store ESV
Error deleting the secret store mapping unknown.label from the alpha realm secret store ESV
  Network error:
    URL: https://openam-frodo-dev.forgeblocks.com/am/json/realms/root/realms/alpha/realm-config/secrets/stores/GoogleSecretManagerSecretStoreProvider/ESV/mappings/unknown.label
    Status: 404
    Code: ERR_BAD_REQUEST
    Reason: Not Found
    Message: Not Found
"
`;

exports[`frodo secretstore mapping delete "frodo secretstore mapping delete -i ESV -t GoogleSecretManagerSecretStoreProvider -s unknown.label": should fail since mapping does not exist 2`] = `1`;
