// Jest Snapshot v1, https://goo.gl/fbAQLP

exports[`frodo secretstore mapping alias create "frodo secretstore mapping alias create --secretstore-id default-keystore --secretstore-type KeyStoreSecretStore --global --secret-id am.applications.agents.remote.consent.request.signing.ES256 --alias new --type classic": Should create the new alias on a global secretstore 1`] = `""`;

exports[`frodo secretstore mapping alias create "frodo secretstore mapping alias create --secretstore-id default-keystore --secretstore-type KeyStoreSecretStore --global --secret-id am.applications.agents.remote.consent.request.signing.ES256 --alias new --type classic": Should create the new alias on a global secretstore 2`] = `
"✔ Created the mapping alias new in the mapping am.applications.agents.remote.consent.request.signing.ES256 in the secret store default-keystore.
"
`;

exports[`frodo secretstore mapping alias create "frodo secretstore mapping alias create --secretstore-id default-keystore --secretstore-type KeyStoreSecretStore --global --secret-id am.applications.agents.remote.consent.request.signing.ES256 --alias new2 --activate --type classic": Should create and activate the new2 alias on a global secretstore 1`] = `""`;

exports[`frodo secretstore mapping alias create "frodo secretstore mapping alias create --secretstore-id default-keystore --secretstore-type KeyStoreSecretStore --global --secret-id am.applications.agents.remote.consent.request.signing.ES256 --alias new2 --activate --type classic": Should create and activate the new2 alias on a global secretstore 2`] = `
"✔ Created the mapping alias new2 in the mapping am.applications.agents.remote.consent.request.signing.ES256 in the secret store default-keystore.
"
`;

exports[`frodo secretstore mapping alias create "frodo secretstore mapping alias create -gi EnvironmentAndSystemPropertySecretStore -t EnvironmentAndSystemPropertySecretStore -s am.services.httpclient.mtls.clientcert.testClientCert.secret -a alias -m classic": should fail since EnvironmentAndSystemPropertySecretStore has no mappings 1`] = `
"Errored ➞ GET http://openam-frodo-dev.classic.com:8080/am/json/serverinfo/* _PollyError: [Polly] [adapter:node-http] Recording for the following request is not found and \`recordIfMissing\` is \`false\`.
{
  "url": "http://openam-frodo-dev.classic.com:8080/am/json/serverinfo/*",
  "method": "GET",
  "headers": {
    "accept": "application/json, text/plain, */*",
    "content-type": "application/json",
    "user-agent": "@rockcarver/frodo-lib/4.0.0-37",
    "x-forgerock-transactionid": "frodo-bfc4aae7-cd03-4499-b2a5-3d1421aed4bf",
    "accept-api-version": "resource=1.1",
    "accept-encoding": "gzip, compress, deflate, br",
    "host": "openam-frodo-dev.classic.com:8080"
  },
  "body": "",
  "recordingName": "secretstore/mapping-alias-create/0_gi_t_s_a_m/am",
  "id": "ccd7a5defd0fdeaa986a2b54642d911a",
  "order": 0,
  "identifiers": {
    "method": "GET",
    "url": "/am/json/serverinfo/*"
  },
  "config": {
    "mode": "replay",
    "adapters": [
      "node-http"
    ],
    "logLevel": "warn",
    "flushRequestsOnStop": true,
    "recordIfMissing": false,
    "recordFailedRequests": true,
    "expiresIn": null,
    "expiryStrategy": "warn",
    "matchRequestsBy": {
      "method": true,
      "headers": false,
      "body": true,
      "order": false,
      "url": {
        "protocol": false,
        "username": false,
        "password": false,
        "hostname": false,
        "port": false,
        "pathname": true,
        "query": true,
        "hash": true
      }
    }
  }
}
    at assert (/snapshot/dist/app.cjs:143614:11)
    at FrodoNodeHttpAdapter.assert (/snapshot/dist/app.cjs:157395:5)
    at FrodoNodeHttpAdapter.replay (/snapshot/dist/app.cjs:157384:10)
    at async FrodoNodeHttpAdapter.handleRequest (/snapshot/dist/app.cjs:157268:7)
Error getting tokens
  [Polly] [adapter:node-http] Recording for the following request is not found and \`recordIfMissing\` is \`false\`.
{
  "url": "http://openam-frodo-dev.classic.com:8080/am/json/serverinfo/*",
  "method": "GET",
  "headers": {
    "accept": "application/json, text/plain, */*",
    "content-type": "application/json",
    "user-agent": "@rockcarver/frodo-lib/4.0.0-37",
    "x-forgerock-transactionid": "frodo-bfc4aae7-cd03-4499-b2a5-3d1421aed4bf",
    "accept-api-version": "resource=1.1",
    "accept-encoding": "gzip, compress, deflate, br",
    "host": "openam-frodo-dev.classic.com:8080"
  },
  "body": "",
  "recordingName": "secretstore/mapping-alias-create/0_gi_t_s_a_m/am",
  "id": "ccd7a5defd0fdeaa986a2b54642d911a",
  "order": 0,
  "identifiers": {
    "method": "GET",
    "url": "/am/json/serverinfo/*"
  },
  "config": {
    "mode": "replay",
    "adapters": [
      "node-http"
    ],
    "logLevel": "warn",
    "flushRequestsOnStop": true,
    "recordIfMissing": false,
    "recordFailedRequests": true,
    "expiresIn": null,
    "expiryStrategy": "warn",
    "matchRequestsBy": {
      "method": true,
      "headers": false,
      "body": true,
      "order": false,
      "url": {
        "protocol": false,
        "username": false,
        "password": false,
        "hostname": false,
        "port": false,
        "pathname": true,
        "query": true,
        "hash": true
      }
    }
  }
}
"
`;

exports[`frodo secretstore mapping alias create "frodo secretstore mapping alias create -gi EnvironmentAndSystemPropertySecretStore -t EnvironmentAndSystemPropertySecretStore -s am.services.httpclient.mtls.clientcert.testClientCert.secret -a alias -m classic": should fail since EnvironmentAndSystemPropertySecretStore has no mappings 2`] = `1`;

exports[`frodo secretstore mapping alias create "frodo secretstore mapping alias create -i ESV -s am.services.httpclient.mtls.clientcert.testClientCert.secret -a esv-test-client-cert": Should fail when creating duplicate alias esv-test-client-cert 1`] = `
"✖ Duplicate alias esv-test-client-cert found in the mapping am.services.httpclient.mtls.clientcert.testClientCert.secret in the secret store ESV.
"
`;

exports[`frodo secretstore mapping alias create "frodo secretstore mapping alias create -i ESV -s am.services.httpclient.mtls.clientcert.testClientCert.secret -a esv-test-client-cert": Should fail when creating duplicate alias esv-test-client-cert 2`] = `1`;

exports[`frodo secretstore mapping alias create "frodo secretstore mapping alias create -i ESV -t GoogleSecretManagerSecretStoreProvider -s am.services.httpclient.mtls.clientcert.testClientCert.secret -a esv-new --activate": Should fail when only one alias is allowed 1`] = `
"✖ Error: Request failed with status code 400
HTTP client error
  Code: ERR_BAD_REQUEST
  Status: 400
  Message: Invalid config: Only a single alias per mapping is allowed for this secret store type
"
`;

exports[`frodo secretstore mapping alias create "frodo secretstore mapping alias create -i ESV -t GoogleSecretManagerSecretStoreProvider -s am.services.httpclient.mtls.clientcert.testClientCert.secret -a esv-new --activate": Should fail when only one alias is allowed 2`] = `1`;
